// Jest Snapshot v1, https://goo.gl/fbAQLP

exports[`Author renders correctly 1`] = `
<div
  className="author"
>
  <a
    href="/"
  >
    <div
      className="author__typewriter"
    >
      <div
        className="author__typewriter-topbar"
      >
        <div
          className="author__typewriter-topbar-white"
        />
        <div
          className="author__typewriter-topbar-grey"
        />
        <div
          className="author__typewriter-topbar-red"
        />
      </div>
      <div
        className="author__typewriter-dynamic"
      >
        <div
          className="author__typewriter-dynamic-text"
        >
          ike|\`
        </div>
      </div>
    </div>
  </a>
  <p
    className="author__subtitle"
  >
    test
  </p>
</div>
`;
