// Jest Snapshot v1, https://goo.gl/fbAQLP

exports[`Author renders correctly 1`] = `
<div
  className="author"
>
  <a
    href="/"
  >
    <div
      className="author__typewriter"
    >
      <div
        className="author__typewriter-topbar"
      >
        <div
          className="author__typewriter-topbar-left"
        />
        <div
          className="author__typewriter-topbar-middle"
        />
        <div
          className="author__typewriter-topbar-right"
        />
      </div>
      <div
        className="author__typewriter-dynamic"
      >
        <div
          className="author__typewriter-dynamic-text"
        >
          ike|\`
        </div>
      </div>
    </div>
  </a>
  <p
    className="author__subtitle"
  >
    test
  </p>
</div>
`;
