// Jest Snapshot v1, https://goo.gl/fbAQLP

exports[`Author renders correctly 1`] = `
<div
  className="author"
>
  <a
    href="/"
  >
    <div
      className="author__name-and-photo"
    >
      <img
        alt="test"
        className="author__photo"
        height="75"
        src="/photo.svg"
        width="75"
      />
      <h2
        className="author__title"
      >
        <a
          className="author__title-link"
          href="/"
        >
          test
        </a>
      </h2>
    </div>
  </a>
  <p
    className="author__subtitle"
  >
    test
  </p>
</div>
`;
