// Jest Snapshot v1, https://goo.gl/fbAQLP

exports[`Topbar renders correctly 1`] = `
<div
  className="topbar"
>
  <div
    className="topbar__keyword"
  >
    &lt;pike96&gt;
    <span
      className="topbar__keyword-inner"
    >
      Test keyword 3.
    </span>
    &lt;/pike96&gt;
  </div>
</div>
`;
