// Jest Snapshot v1, https://goo.gl/fbAQLP

exports[`Author renders correctly 1`] = `
<div
  className="author"
>
  <p
    className="author__bio"
  >
    <span
      className="author__bio-sentence"
    >
      Thus, when Heaven is about to confer a great office on any man, it first exercises his mind with suffering, and his sinews and bones with toil. It exposes his body to hunger, and subjects him to extreme poverty. It confounds his undertakings. By all these methods it stimulates his mind, hardens his nature, and supplies his incompetencies.
    </span>
    <a
      className="author__bio-twitter"
      href="https://www.facebook.com/undefined"
      rel="noopener noreferrer"
      target="_blank"
    >
      Ping 
      <strong>
        Test name
      </strong>
       on Facebook
    </a>
  </p>
</div>
`;
